// Jest Snapshot v1, https://goo.gl/fbAQLP

exports[`parses file 1`] = `
Array [
  Object {
    "from": 2,
    "on": 2013-06-18T00:46:00.861Z,
    "source": 1,
    "text": "Flight 2244, 15 minutes delayed, also had to check in bag because Carolyn bought Kayla and I stuff from bath
        & body works",
  },
  Object {
    "from": 1,
    "on": 2013-06-18T00:48:20.247Z,
    "source": 1,
    "text": "Have good flying",
  },
  Object {
    "from": 2,
    "on": 2013-06-18T02:47:28.109Z,
    "source": 1,
    "text": "Landed",
  },
  Object {
    "from": 1,
    "on": 2013-06-18T02:47:58.180Z,
    "source": 1,
    "text": "We'll drive up the hill and await your text",
  },
  Object {
    "from": 2,
    "on": 2013-06-18T02:48:46.831Z,
    "source": 1,
    "text": "Ok",
  },
  Object {
    "from": 2,
    "on": 2013-06-18T03:00:17.481Z,
    "source": 1,
    "text": "Outside",
  },
  Object {
    "from": 1,
    "on": 2013-06-22T19:08:16.526Z,
    "source": 1,
    "text": "At Bonneville point",
  },
  Object {
    "from": 2,
    "on": 2013-06-22T19:09:13.122Z,
    "source": 1,
    "text": "So far so good, nice day for a ride",
  },
  Object {
    "from": 1,
    "on": 2013-06-26T23:51:05.573Z,
    "source": 1,
    "text": "Superman? Home in 15",
  },
  Object {
    "from": 2,
    "on": 2012-09-25T23:19:11.272Z,
    "source": 1,
    "text": "At park for a bit, signed papers",
  },
]
`;

exports[`parses file with single message 1`] = `
Array [
  Object {
    "from": 2,
    "on": 2012-09-25T23:19:11.272Z,
    "source": 1,
    "text": "At park for a bit, signed papers",
  },
]
`;
